Autocomplete for Fish.

USAGE:
  scw autocomplete complete fish

FLAGS:
  -h, --help   help for fish

GLOBAL FLAGS:
  -c, --config string    The path to the config file
  -D, --debug            Enable debug mode
  -o, --output string    Output format: json or human
  -p, --profile string   The config profile to use
