This method allows to delete a specific cluster and all its associated pools and nodes. Note that this method will not delete any Load Balancers or Block Volumes that are associated with the cluster.

USAGE:
  scw k8s cluster delete [arg=value ...]

EXAMPLES:
  Delete a given cluster
    scw k8s cluster delete

ARGS:
  cluster-id   The ID of the cluster to delete
  [region]     Region to target. If none is passed will use default region from the config (fr-par)

FLAGS:
  -h, --help   help for delete
  -w, --wait   wait until the cluster is ready

GLOBAL FLAGS:
  -D, --debug            Enable debug mode
  -o, --output string    Output format: json or human
  -p, --profile string   The config profile to use
