Delete the given key from a server user data.

USAGE:
  scw instance user-data delete <server-id ...> [arg=value ...]

ARGS:
  server-id         UUID of the server
  key               Key of the user data to delete
  [zone=fr-par-1]   Zone to target. If none is passed will use default zone from the config (fr-par-1 | nl-ams-1)

FLAGS:
  -h, --help   help for delete

GLOBAL FLAGS:
  -c, --config string    The path to the config file
  -D, --debug            Enable debug mode
  -o, --output string    Output format: json or human
  -p, --profile string   The config profile to use
