Install an OS on the server associated with the given ID.

USAGE:
  scw baremetal server install <server-id ...> [arg=value ...]

ARGS:
  server-id             Server ID to install
  os-id                 ID of the OS to install on the server
  hostname              Hostname of the server
  [all-ssh-keys]        Add all SSH keys on your baremetal instance (cannot be used with ssh-key-ids)
  ssh-key-ids.{index}   SSH key IDs authorized on the server (cannot be used with all-ssh-keys)
  [zone=fr-par-1]       Zone to target. If none is passed will use default zone from the config (fr-par-2)

FLAGS:
  -h, --help   help for install
  -w, --wait   wait until the server is ready

GLOBAL FLAGS:
  -D, --debug            Enable debug mode
  -o, --output string    Output format: json or human
  -p, --profile string   The config profile to use
