🎲🎲🎲 EXIT CODE: 0 🎲🎲🎲
🟥🟥🟥 STDERR️️ 🟥🟥🟥️
Delete a Grafana user from a Grafana instance, specified by the Cockpit's Project ID and the Grafana user ID.

USAGE:
  scw cockpit grafana-user delete [arg=value ...]

ARGS:
  [project-id]      Project ID to use. If none is passed the default project ID will be used
  grafana-user-id   ID of the Grafana user

FLAGS:
  -h, --help   help for delete

GLOBAL FLAGS:
  -c, --config string    The path to the config file
  -D, --debug            Enable debug mode
  -o, --output string    Output format: json or human, see 'scw help output' for more info (default "human")
  -p, --profile string   The config profile to use
