🎲🎲🎲 EXIT CODE: 0 🎲🎲🎲
🟥🟥🟥 STDERR️️ 🟥🟥🟥️
A node (short for worker node) is an abstraction for a Scaleway Instance. A node is always part of a pool. Each of them will have Kubernetes software automatically installed and configured by Scaleway. Please note that Kubernetes nodes cannot be accessed with SSH.

USAGE:
  scw k8s node <command>

AVAILABLE COMMANDS:
  delete      Delete a node in a cluster
  get         Get a node in a cluster
  list        List all the nodes in a cluster
  reboot      Reboot a node in a cluster
  replace     Replace a node in a cluster
  wait        Wait for a node to reach a stable state

FLAGS:
  -h, --help   help for node

GLOBAL FLAGS:
  -c, --config string    The path to the config file
  -D, --debug            Enable debug mode
  -o, --output string    Output format: json or human, see 'scw help output' for more info (default "human")
  -p, --profile string   The config profile to use

Use "scw k8s node [command] --help" for more information about a command.
