🎲🎲🎲 EXIT CODE: 0 🎲🎲🎲
🟥🟥🟥 STDERR️️ 🟥🟥🟥️
MnQ Namespace commands.

USAGE:
  scw mnq namespace <command>

PRODUCT COMMANDS:
  create      Create a namespace
  delete      Delete a namespace
  get         Get a namespace
  list        List namespaces
  update      Update the name of a namespace

FLAGS:
  -h, --help   help for namespace

GLOBAL FLAGS:
  -c, --config string    The path to the config file
  -D, --debug            Enable debug mode
  -o, --output string    Output format: json or human, see 'scw help output' for more info (default "human")
  -p, --profile string   The config profile to use

Use "scw mnq namespace [command] --help" for more information about a command.
