🎲🎲🎲 EXIT CODE: 0 🎲🎲🎲
🟥🟥🟥 STDERR️️ 🟥🟥🟥️
Databases can be used to store and manage sets of structured information, or data. The interaction between the user and a database is done using a Database Engine, which provides a structured query language to add, modify or delete information from the database.

USAGE:
  scw document-db database <command>

AVAILABLE COMMANDS:
  create      Create a database in a Database Instance
  delete      Delete a database in a Database Instance
  list        List databases in a Database Instance

FLAGS:
  -h, --help   help for database

GLOBAL FLAGS:
  -c, --config string    The path to the config file
  -D, --debug            Enable debug mode
  -o, --output string    Output format: json or human, see 'scw help output' for more info (default "human")
  -p, --profile string   The config profile to use

Use "scw document-db database [command] --help" for more information about a command.
