🎲🎲🎲 EXIT CODE: 0 🎲🎲🎲
🟥🟥🟥 STDERR️️ 🟥🟥🟥️
Create a new user. You must define the `organization_id` and the `email` in your request.

USAGE:
  scw iam user create [arg=value ...]

ARGS:
  email               Email of the user
  [tags.{index}]      Tags associated with the user
  [organization-id]   Organization ID to use. If none is passed the default organization ID will be used

FLAGS:
  -h, --help   help for create

GLOBAL FLAGS:
  -c, --config string    The path to the config file
  -D, --debug            Enable debug mode
  -o, --output string    Output format: json or human, see 'scw help output' for more info (default "human")
  -p, --profile string   The config profile to use
