Create a new namespace.

USAGE:
  scw registry namespace create [arg=value ...]

ARGS:
  name                Define a namespace name
  [description]       Define a description
  [is-public]         Define the default visibility policy
  [organization-id]   Organization ID to use. If none is passed will use default organization ID from the config
  [region=fr-par]     Region to target. If none is passed will use default region from the config (fr-par | nl-ams)

FLAGS:
  -h, --help   help for create

GLOBAL FLAGS:
  -c, --config string    The path to the config file
  -D, --debug            Enable debug mode
  -o, --output string    Output format: json or human
  -p, --profile string   The config profile to use
