🎲🎲🎲 EXIT CODE: 0 🎲🎲🎲
🟥🟥🟥 STDERR️️ 🟥🟥🟥️
Project management commands.

USAGE:
  scw account project <command>

AVAILABLE COMMANDS:
  create      Create project
  delete      Delete project
  get         Get project
  list        List projects
  update      Update project

FLAGS:
  -h, --help   help for project

GLOBAL FLAGS:
  -c, --config string    The path to the config file
  -D, --debug            Enable debug mode
  -o, --output string    Output format: json or human, see 'scw help output' for more info (default "human")
  -p, --profile string   The config profile to use

Use "scw account project [command] --help" for more information about a command.
