Remove a SSH key from your Scaleway account.

USAGE:
  scw account ssh-key remove <ssh-key-id ...> [arg=value ...]

EXAMPLES:
  Remove a given SSH key
    scw account ssh-key remove 11111111-1111-1111-1111-111111111111

ARGS:
  ssh-key-id   

FLAGS:
  -h, --help   help for remove

GLOBAL FLAGS:
  -c, --config string    The path to the config file
  -D, --debug            Enable debug mode
  -o, --output string    Output format: json or human
  -p, --profile string   The config profile to use
