List marketplace images.

USAGE:
  scw marketplace image list

FLAGS:
  -h, --help   help for list

GLOBAL FLAGS:
  -c, --config string    The path to the config file
  -D, --debug            Enable debug mode
  -o, --output string    Output format: json or human
  -p, --profile string   The config profile to use

SEE ALSO:
  # List all images available in an account
  scw instance list images
