🎲🎲🎲 EXIT CODE: 0 🎲🎲🎲
🟥🟥🟥 STDERR️️ 🟥🟥🟥️
List all databases of a given Database Instance. By default, the databases returned in the list are ordered by creation date in ascending order, though this can be modified via the order_by field. You can define additional parameters for your query, such as `name`, `managed` and `owner`.

USAGE:
  scw document-db database list [arg=value ...]

ARGS:
  [name]            Name of the database
  [managed]         Defines whether or not the database is managed
  [owner]           User that owns this database
  [order-by]        Criteria to use when ordering database listing (name_asc | name_desc | size_asc | size_desc)
  instance-id       UUID of the Database Instance to list the databases of
  [region=fr-par]   Region to target. If none is passed will use default region from the config (fr-par | nl-ams | pl-waw | all)

FLAGS:
  -h, --help   help for list

GLOBAL FLAGS:
  -c, --config string    The path to the config file
  -D, --debug            Enable debug mode
  -o, --output string    Output format: json or human, see 'scw help output' for more info (default "human")
  -p, --profile string   The config profile to use
