🎲🎲🎲 EXIT CODE: 0 🎲🎲🎲
🟥🟥🟥 STDERR️️ 🟥🟥🟥️
USAGE:
  scw jobs definition <command>

AVAILABLE COMMANDS:
  create      Create jobs resources
  delete      Delete jobs resources
  get         Get jobs resources
  list        List jobs resources
  start       Start jobs resources
  update      Update jobs resources

FLAGS:
  -h, --help   help for definition

GLOBAL FLAGS:
  -c, --config string    The path to the config file
  -D, --debug            Enable debug mode
  -o, --output string    Output format: json or human, see 'scw help output' for more info (default "human")
  -p, --profile string   The config profile to use

Use "scw jobs definition [command] --help" for more information about a command.
