🎲🎲🎲 EXIT CODE: 0 🎲🎲🎲
🟥🟥🟥 STDERR️️ 🟥🟥🟥️
Delete an SSH key.

USAGE:
  scw iam ssh-key delete <ssh-key-id ...> [arg=value ...]

EXAMPLES:
  Delete a given SSH key
    scw iam ssh-key delete 11111111-1111-1111-1111-111111111111

ARGS:
  ssh-key-id   

FLAGS:
  -h, --help   help for delete

GLOBAL FLAGS:
  -c, --config string    The path to the config file
  -D, --debug            Enable debug mode
  -o, --output string    Output format: json or human, see 'scw help output' for more info (default "human")
  -p, --profile string   The config profile to use

SEE ALSO:
  # List all SSH keys
  scw iam ssh-key list

  # Add a SSH key
  scw iam ssh-key create
