This method allows to list all the existing pools for a specific Kubernetes cluster.

USAGE:
  scw k8s pool list [arg=value ...]

ARGS:
  cluster-id   The ID of the cluster from which the pools will be listed from
  [order-by]   The sort order of the returned pools (created_at_asc | created_at_desc | updated_at_asc | updated_at_desc | name_asc | name_desc | status_asc | status_desc | version_asc | version_desc)
  [name]       The name on which to filter the returned pools
  [status]     The status on which to filter the returned pools (unknown | creating | ready | deleting | deleted | updating | scaling | warning | error | locked | upgrading)
  [region]     Region to target. If none is passed will use default region from the config (fr-par)

FLAGS:
  -h, --help   help for list

GLOBAL FLAGS:
  -D, --debug            Enable debug mode
  -o, --output string    Output format: json or human
  -p, --profile string   The config profile to use
