🎲🎲🎲 EXIT CODE: 0 🎲🎲🎲
🟥🟥🟥 STDERR️️ 🟥🟥🟥️
Groups management commands.

USAGE:
  scw iam group <command>

AVAILABLE COMMANDS:
  add-member    Add a user of an application to a group
  create        Create a new group
  delete        Delete a group
  get           Get a group
  list          List groups
  remove-member Remove a user or an application from a group
  update        Update a group

FLAGS:
  -h, --help   help for group

GLOBAL FLAGS:
  -c, --config string    The path to the config file
  -D, --debug            Enable debug mode
  -o, --output string    Output format: json or human, see 'scw help output' for more info (default "human")
  -p, --profile string   The config profile to use

Use "scw iam group [command] --help" for more information about a command.
