🎲🎲🎲 EXIT CODE: 0 🎲🎲🎲
🟥🟥🟥 STDERR️️ 🟥🟥🟥️
Create a set of credentials for a Messaging and Queuing namespace, specified by its namespace ID. If creating credentials for a NATS namespace, the `permissions` object must not be included in the request. If creating credentials for an SQS/SNS namespace, the `permissions` object is required, with all three of its child attributes.

USAGE:
  scw mnq credential create [arg=value ...]

ARGS:
  namespace-id                Namespace containing the credentials
  [name=<generated>]          Name of the credentials
  [permissions.can-publish]   Defines whether the credentials bearer can publish messages to the service (send messages to SQS queues or publish to SNS topics)
  [permissions.can-receive]   Defines whether the credentials bearer can receive messages from the service
  [permissions.can-manage]    Defines whether the credentials bearer can manage the associated resources (SQS queues or SNS topics or subscriptions)
  [region=fr-par]             Region to target. If none is passed will use default region from the config (fr-par)

FLAGS:
  -h, --help   help for create

GLOBAL FLAGS:
  -c, --config string    The path to the config file
  -D, --debug            Enable debug mode
  -o, --output string    Output format: json or human, see 'scw help output' for more info (default "human")
  -p, --profile string   The config profile to use
