🎲🎲🎲 EXIT CODE: 0 🎲🎲🎲
🟥🟥🟥 STDERR️️ 🟥🟥🟥️
Get an ACL.

USAGE:
  scw lb acl get <acl-id ...> [arg=value ...]

ARGS:
  acl-id            ID of your ACL ressource
  [region=fr-par]   Region to target. If none is passed will use default region from the config (fr-par | nl-ams | pl-waw)

FLAGS:
  -h, --help   help for get

GLOBAL FLAGS:
  -c, --config string    The path to the config file
  -D, --debug            Enable debug mode
  -o, --output string    Output format: json or human, see 'scw help output' for more info (default "human")
  -p, --profile string   The config profile to use
