🎲🎲🎲 EXIT CODE: 0 🎲🎲🎲
🟩🟩🟩 STDOUT️ 🟩🟩🟩️
Username           Administrator
Password           ar@)M/<w1Vk:dex
SSHKeyID           dafd79b3-7cef-4f20-9096-a0c33fbbc1cc
SSHKeyDescription  test-cli-instance-server-get-rdp-password
🟩🟩🟩 JSON STDOUT 🟩🟩🟩
{
  "Username": "Administrator",
  "Password": "ar@)M/\u003cw1Vk:dex",
  "SSHKeyID": "dafd79b3-7cef-4f20-9096-a0c33fbbc1cc",
  "SSHKeyDescription": "test-cli-instance-server-get-rdp-password"
}
