🎲🎲🎲 EXIT CODE: 0 🎲🎲🎲
🟩🟩🟩 STDOUT️ 🟩🟩🟩️
PrivateNic.ID                51864171-d286-40ca-a924-ba9c5f5758c4
PrivateNic.ServerID          b7107c6e-e232-4cb7-bcdf-a03557c6d29e
PrivateNic.PrivateNetworkID  6fd35474-e476-4254-a418-12a0db3d4e4d
PrivateNic.MacAddress        02:00:00:15:37:a1
PrivateNic.State             available
🟩🟩🟩 JSON STDOUT 🟩🟩🟩
{
  "private_nic": {
    "id": "51864171-d286-40ca-a924-ba9c5f5758c4",
    "server_id": "b7107c6e-e232-4cb7-bcdf-a03557c6d29e",
    "private_network_id": "6fd35474-e476-4254-a418-12a0db3d4e4d",
    "mac_address": "02:00:00:15:37:a1",
    "state": "available",
    "tags": []
  }
}
