Delete the volume with the given ID.

USAGE:
  scw [global-flags] instance volume delete [flags] [arg=value ...]

EXAMPLES:
  Delete a volume with the given ID
    scw instance volume delete volume-id=af136619-bc59-4b48-a0ed-ed7dceaad9a6

ARGS:
  volume-id   
  [zone]      Zone to target. If none is passed will use default zone from the config (fr-par-1 | nl-ams-1)

FLAGS:
  -h, --help   help for delete

GLOBAL FLAGS:
  -D, --debug            Enable debug mode
  -o, --output string    Output format: json or human
  -p, --profile string   The config profile to use
