🎲🎲🎲 EXIT CODE: 0 🎲🎲🎲
🟩🟩🟩 STDOUT️ 🟩🟩🟩️
IP.ID            f90e8f53-9936-443c-87e4-fb50819ba794
IP.Address       51.158.112.105
IP.Organization  ee7bd9e1-9cbd-4724-b2f4-19e50f3cf38b
IP.Project       ee7bd9e1-9cbd-4724-b2f4-19e50f3cf38b
IP.Type          nat
IP.State         attached
IP.Prefix        -
IP.IpamID        -
IP.Zone          fr-par-1
🟩🟩🟩 JSON STDOUT 🟩🟩🟩
{
  "ip": {
    "id": "f90e8f53-9936-443c-87e4-fb50819ba794",
    "address": "51.158.112.105",
    "reverse": null,
    "server": null,
    "organization": "ee7bd9e1-9cbd-4724-b2f4-19e50f3cf38b",
    "tags": [],
    "project": "ee7bd9e1-9cbd-4724-b2f4-19e50f3cf38b",
    "type": "nat",
    "state": "attached",
    "prefix": "",
    "ipam_id": "",
    "zone": "fr-par-1"
  }
}
