🎲🎲🎲 EXIT CODE: 0 🎲🎲🎲
🟩🟩🟩 STDOUT️ 🟩🟩🟩️
CreatedAt                         few seconds ago
Region                            fr-par
ID                                7951c0e2-9ff6-4bd0-b9d3-8a5bf7105305
Name                              foo2
OrganizationID                    fa1e3217-dc80-42ac-85c3-3f034b78b552
ProjectID                         fa1e3217-dc80-42ac-85c3-3f034b78b552
Status                            ready
Engine                            PostgreSQL-12
UpgradableVersion.0.ID            2e670f5c-493b-443f-92bd-986f23da2750
UpgradableVersion.0.Name          PostgreSQL-13
UpgradableVersion.0.Version       13
UpgradableVersion.0.MinorVersion  13.12
UpgradableVersion.1.ID            2988cc5e-e0dd-48ba-bd8b-b394db1fc6b9
UpgradableVersion.1.Name          PostgreSQL-14
UpgradableVersion.1.Version       14
UpgradableVersion.1.MinorVersion  14.9
UpgradableVersion.2.ID            d6fa23a8-ff53-464e-b0b0-4c4a3c1eb87d
UpgradableVersion.2.Name          PostgreSQL-15
UpgradableVersion.2.Version       15
UpgradableVersion.2.MinorVersion  15.4
IsHaCluster                       false
NodeType                          db-dev-s
Endpoints.0.ID                    152876ca-86ad-4057-8241-fca771c2b0b7
Endpoints.0.IP                    51.159.204.209
Endpoints.0.Port                  13182
LogsPolicy.MaxAgeRetention        30
BackupSameRegion                  false

Endpoint:
ID    152876ca-86ad-4057-8241-fca771c2b0b7
IP    51.159.204.209
Port  13182

Volume:
Type   lssd
Size   5.0 GB
Class  lssd

Backup Schedule:
Disabled   false
NextRunAt  few seconds ago
Frequency  1 days
Retention  7 days

Settings:
NAME                             VALUE
effective_cache_size             1200
maintenance_work_mem             200
max_connections                  150
max_parallel_workers             0
max_parallel_workers_per_gather  0
work_mem                         16
🟩🟩🟩 JSON STDOUT 🟩🟩🟩
{
  "created_at": "1970-01-01T00:00:00.0Z",
  "volume": {
    "type": "lssd",
    "size": 5000000000,
    "class": "lssd"
  },
  "region": "fr-par",
  "id": "7951c0e2-9ff6-4bd0-b9d3-8a5bf7105305",
  "name": "foo2",
  "organization_id": "fa1e3217-dc80-42ac-85c3-3f034b78b552",
  "project_id": "fa1e3217-dc80-42ac-85c3-3f034b78b552",
  "status": "ready",
  "engine": "PostgreSQL-12",
  "upgradable_version": [
    {
      "id": "2e670f5c-493b-443f-92bd-986f23da2750",
      "name": "PostgreSQL-13",
      "version": "13",
      "minor_version": "13.12"
    },
    {
      "id": "2988cc5e-e0dd-48ba-bd8b-b394db1fc6b9",
      "name": "PostgreSQL-14",
      "version": "14",
      "minor_version": "14.9"
    },
    {
      "id": "d6fa23a8-ff53-464e-b0b0-4c4a3c1eb87d",
      "name": "PostgreSQL-15",
      "version": "15",
      "minor_version": "15.4"
    }
  ],
  "endpoint": {
    "id": "152876ca-86ad-4057-8241-fca771c2b0b7",
    "ip": "51.159.204.209",
    "port": 13182,
    "name": null,
    "load_balancer": {}
  },
  "tags": [],
  "settings": [
    {
      "name": "effective_cache_size",
      "value": "1200"
    },
    {
      "name": "maintenance_work_mem",
      "value": "200"
    },
    {
      "name": "max_connections",
      "value": "150"
    },
    {
      "name": "max_parallel_workers",
      "value": "0"
    },
    {
      "name": "max_parallel_workers_per_gather",
      "value": "0"
    },
    {
      "name": "work_mem",
      "value": "16"
    }
  ],
  "backup_schedule": {
    "frequency": 24,
    "retention": 7,
    "disabled": false,
    "next_run_at": "1970-01-01T00:00:00.0Z"
  },
  "is_ha_cluster": false,
  "read_replicas": [],
  "node_type": "db-dev-s",
  "init_settings": [],
  "endpoints": [
    {
      "id": "152876ca-86ad-4057-8241-fca771c2b0b7",
      "ip": "51.159.204.209",
      "port": 13182,
      "name": null,
      "load_balancer": {}
    }
  ],
  "logs_policy": {
    "max_age_retention": 30,
    "total_disk_retention": null
  },
  "backup_same_region": false,
  "maintenances": []
}
