🎲🎲🎲 EXIT CODE: 0 🎲🎲🎲
🟩🟩🟩 STDOUT️ 🟩🟩🟩️
postgresql://custom-user@51.159.8.181:5431
🟩🟩🟩 JSON STDOUT 🟩🟩🟩
"postgresql://custom-user@51.159.8.181:5431"
