🎲🎲🎲 EXIT CODE: 0 🎲🎲🎲
🟩🟩🟩 STDOUT️ 🟩🟩🟩️
ID    085fea40-fe0e-464c-bc27-333b5375ec29
IP    51.159.204.219
Port  22931
🟩🟩🟩 JSON STDOUT 🟩🟩🟩
{
  "id": "085fea40-fe0e-464c-bc27-333b5375ec29",
  "ip": "51.159.204.219",
  "port": 22931,
  "name": null,
  "load_balancer": {}
}
