🎲🎲🎲 EXIT CODE: 1 🎲🎲🎲
🟥🟥🟥 STDERR️️ 🟥🟥🟥️
Unknown command "iam" for "scw"
🟥🟥🟥 JSON STDERR 🟥🟥🟥
{
  "error": "unknown command \"iam\" for \"scw\""
}
