🎲🎲🎲 EXIT CODE: 0 🎲🎲🎲
🟩🟩🟩 STDOUT️ 🟩🟩🟩️
ID                          719be133-dd66-4aee-8841-bb60a04963da
OrganizationID              951df375-e094-4d26-97c1-ba548eeb9c42
ProjectID                   -
Name                        cli-bm-unruffled-tesla
Description                 -
UpdatedAt                   few seconds ago
CreatedAt                   few seconds ago
Status                      ready
OfferID                     7fde3890-9787-488c-ac89-c4e00a4e5f83
IPs.0.ID                    f72c0410-47f6-4fc4-b93b-ded1b83ea78f
IPs.0.Address               2001:bc8:6005:1b:dac4:97ff:fe2a:35cc
IPs.0.Reverse               719be133-dd66-4aee-8841-bb60a04963da.fr-par-2.baremetal.scw.cloud
IPs.0.Version               IPv6
IPs.0.ReverseStatus         active
IPs.0.ReverseStatusMessage  -
IPs.1.ID                    fa3be18b-9bc7-4e62-9d44-8834c22d1901
IPs.1.Address               51.159.31.63
IPs.1.Reverse               719be133-dd66-4aee-8841-bb60a04963da.fr-par-2.baremetal.scw.cloud
IPs.1.Version               IPv4
IPs.1.ReverseStatus         active
IPs.1.ReverseStatusMessage  -
Domain                      719be133-dd66-4aee-8841-bb60a04963da.fr-par-2.baremetal.scw.cloud
BootType                    normal
Zone                        fr-par-2
Install.OsID                d859aa89-8b4a-4551-af42-ff7c0c27260a
Install.Hostname            test-install-server
Install.SSHKeyIDs.0         f06d9273-385e-4747-806c-d4673c410f9d
Install.Status              completed
PingStatus                  up
🟩🟩🟩 JSON STDOUT 🟩🟩🟩
{
  "id": "719be133-dd66-4aee-8841-bb60a04963da",
  "organization_id": "951df375-e094-4d26-97c1-ba548eeb9c42",
  "project_id": "",
  "name": "cli-bm-unruffled-tesla",
  "description": "",
  "updated_at": "1970-01-01T00:00:00.0Z",
  "created_at": "1970-01-01T00:00:00.0Z",
  "status": "ready",
  "offer_id": "7fde3890-9787-488c-ac89-c4e00a4e5f83",
  "tags": [],
  "ips": [
    {
      "id": "f72c0410-47f6-4fc4-b93b-ded1b83ea78f",
      "address": "2001:bc8:6005:1b:dac4:97ff:fe2a:35cc",
      "reverse": "719be133-dd66-4aee-8841-bb60a04963da.fr-par-2.baremetal.scw.cloud",
      "version": "IPv6",
      "reverse_status": "active",
      "reverse_status_message": ""
    },
    {
      "id": "fa3be18b-9bc7-4e62-9d44-8834c22d1901",
      "address": "51.159.31.63",
      "reverse": "719be133-dd66-4aee-8841-bb60a04963da.fr-par-2.baremetal.scw.cloud",
      "version": "IPv4",
      "reverse_status": "active",
      "reverse_status_message": ""
    }
  ],
  "domain": "719be133-dd66-4aee-8841-bb60a04963da.fr-par-2.baremetal.scw.cloud",
  "boot_type": "normal",
  "zone": "fr-par-2",
  "install": {
    "os_id": "d859aa89-8b4a-4551-af42-ff7c0c27260a",
    "hostname": "test-install-server",
    "ssh_key_ids": [
      "f06d9273-385e-4747-806c-d4673c410f9d"
    ],
    "status": "completed"
  },
  "ping_status": "ping_status_up"
}
