message   Configuration file successfully installed at /var/folders/sm/h3cw_xsj0279j12fnhv6bzd40000gn/T/scw951233240/.config/rclone/rclone.conf
details   -
resource  -
verb      -
