🎲🎲🎲 EXIT CODE: 0 🎲🎲🎲
🟩🟩🟩 STDOUT️ 🟩🟩🟩️
✅ Bucket has been successfully deleted.
🟩🟩🟩 JSON STDOUT 🟩🟩🟩
{
  "message": "bucket has been successfully deleted.",
  "details": ""
}
