🎲🎲🎲 EXIT CODE: 1 🎲🎲🎲
🟥🟥🟥 STDERR️️ 🟥🟥🟥️
Failed to list nats account: failed to create NATS context: Multiple NATS accounts found. Please provide an account ID explicitly as the command is not running in interactive mode
🟥🟥🟥 JSON STDERR 🟥🟥🟥
{
  "error": "failed to list nats account: failed to create NATS context: Multiple NATS accounts found. Please provide an account ID explicitly as the command is not running in interactive mode"
}
