DEBUG: 2019/12/09 16:04:07 marshalling type '*core.SuccessResult'
DEBUG: 2019/12/09 16:04:07 version is up to date (99.99.0)
DEBUG: 2019/12/09 16:04:07 skipping telemetry report
