🎲🎲🎲 EXIT CODE: 0 🎲🎲🎲
🟩🟩🟩 STDOUT️ 🟩🟩🟩️
name-id  test1
tag      tag01
name-id  test2
tag      tag01
🟩🟩🟩 JSON STDOUT 🟩🟩🟩
[
  {
    "NameID": "test1",
    "Tag": "tag01"
  },
  {
    "NameID": "test2",
    "Tag": "tag01"
  }
]
