🎲🎲🎲 EXIT CODE: 0 🎲🎲🎲
🟩🟩🟩 STDOUT️ 🟩🟩🟩️
ID                                           89ee8049-b2db-4204-96f0-4a1e69f87e45
Name                                         2-static-priv-endpoints
ProjectID                                    fa1e3217-dc80-42ac-85c3-3f034b78b552
Status                                       ready
Version                                      7.0.5
Endpoints.0.Port                             6379
Endpoints.0.PrivateNetwork.ID                7d5d5e13-7f07-44df-962d-5edad547ee62
Endpoints.0.PrivateNetwork.ServiceIPs.0      172.16.4.1/22
Endpoints.0.PrivateNetwork.Zone              fr-par-1
Endpoints.0.PrivateNetwork.ProvisioningMode  static
Endpoints.0.IPs.0                            172.16.4.1
Endpoints.0.ID                               13199053-663b-40e8-bf06-56161d32271b
Endpoints.1.Port                             6379
Endpoints.1.PrivateNetwork.ID                f8ecd537-56c8-49a6-9da0-e4e0ba6d2c12
Endpoints.1.PrivateNetwork.ServiceIPs.0      10.16.4.1/22
Endpoints.1.PrivateNetwork.Zone              fr-par-1
Endpoints.1.PrivateNetwork.ProvisioningMode  static
Endpoints.1.IPs.0                            10.16.4.1
Endpoints.1.ID                               1ede35c6-c45a-4a24-b34b-0486a33c01f8
NodeType                                     RED1-micro
CreatedAt                                    few seconds ago
UpdatedAt                                    few seconds ago
TLSEnabled                                   false
ClusterSize                                  1
Zone                                         fr-par-1
UserName                                     admin
🟩🟩🟩 JSON STDOUT 🟩🟩🟩
{
  "id": "89ee8049-b2db-4204-96f0-4a1e69f87e45",
  "name": "2-static-priv-endpoints",
  "project_id": "fa1e3217-dc80-42ac-85c3-3f034b78b552",
  "status": "ready",
  "version": "7.0.5",
  "endpoints": [
    {
      "port": 6379,
      "private_network": {
        "id": "7d5d5e13-7f07-44df-962d-5edad547ee62",
        "service_ips": [
          "172.16.4.1/22"
        ],
        "zone": "fr-par-1",
        "provisioning_mode": "static"
      },
      "ips": [
        "172.16.4.1"
      ],
      "id": "13199053-663b-40e8-bf06-56161d32271b"
    },
    {
      "port": 6379,
      "private_network": {
        "id": "f8ecd537-56c8-49a6-9da0-e4e0ba6d2c12",
        "service_ips": [
          "10.16.4.1/22"
        ],
        "zone": "fr-par-1",
        "provisioning_mode": "static"
      },
      "ips": [
        "10.16.4.1"
      ],
      "id": "1ede35c6-c45a-4a24-b34b-0486a33c01f8"
    }
  ],
  "tags": [],
  "node_type": "RED1-micro",
  "created_at": "1970-01-01T00:00:00.0Z",
  "updated_at": "1970-01-01T00:00:00.0Z",
  "tls_enabled": false,
  "cluster_settings": [],
  "acl_rules": [],
  "cluster_size": 1,
  "zone": "fr-par-1",
  "user_name": "admin",
  "upgradable_versions": []
}
