🎲🎲🎲 EXIT CODE: 1 🎲🎲🎲
🟥🟥🟥 STDERR️️ 🟥🟥🟥️
Invalid access-key: ''
🟥🟥🟥 JSON STDERR 🟥🟥🟥
{
  "error": "invalid access-key: ''"
}
